// Jest Snapshot v1, https://goo.gl/fbAQLP

exports[`CourseLessonNode renders completed lesson state 1`] = `
<View
  style={
    {
      "alignItems": "center",
      "marginRight": 16,
      "width": 74,
    }
  }
>
  <View
    style={
      [
        {
          "alignItems": "center",
          "backgroundColor": "#F4F0FF",
          "borderColor": "#ECE7F8",
          "borderRadius": 25,
          "borderWidth": 2,
          "height": 50,
          "justifyContent": "center",
          "width": 50,
        },
        false,
        {
          "backgroundColor": "#4ABA8A",
          "borderColor": "#4ABA8A",
        },
        false,
      ]
    }
  >
    <Text
      style={
        [
          {
            "color": "#2F2640",
            "fontSize": 16,
            "fontWeight": "700",
          },
          {
            "color": "#FFFFFF",
          },
          false,
        ]
      }
    >
      ✓
    </Text>
  </View>
  <Text
    style={
      {
        "color": "#7A6E96",
        "fontSize": 11,
        "marginTop": 10,
        "textAlign": "center",
      }
    }
  >
    Vocab
  </Text>
  <View
    style={
      {
        "flexDirection": "row",
        "marginTop": 8,
      }
    }
  >
    <Text
      style={
        {
          "fontSize": 12,
          "marginHorizontal": 1,
        }
      }
    >
      ⭐
    </Text>
    <Text
      style={
        {
          "fontSize": 12,
          "marginHorizontal": 1,
        }
      }
    >
      ⭐
    </Text>
    <Text
      style={
        {
          "fontSize": 12,
          "marginHorizontal": 1,
        }
      }
    >
      ⭐
    </Text>
  </View>
</View>
`;
